============================================================
  Generated by:           Genus(TM) Synthesis Solution 21.19-s055_1
  Generated on:           Jul 24 2026  08:04:17 pm
  Module:                 ex_stage
  Operating conditions:   PVT_0P9V_125C (balanced_tree)
  Wireload mode:          enclosed
  Area mode:              timing library
============================================================


Path 1: VIOLATED (-477 ps) Setup Check with Pin genblk2.multiplicador_resultado_reg[31]/CK->SI
          Group: clk
     Startpoint: (R) genblk2.multiplicador_register_b_reg[21]/CK
          Clock: (R) clk
       Endpoint: (R) genblk2.multiplicador_resultado_reg[31]/SI
          Clock: (R) clk

                     Capture       Launch     
        Clock Edge:+    2000            0     
       Src Latency:+       0            0     
       Net Latency:+       0 (I)        0 (I) 
           Arrival:=    2000            0     
                                              
             Setup:-     193                  
       Uncertainty:-      10                  
     Required Time:=    1797                  
      Launch Clock:-       0                  
         Data Path:-    2274                  
             Slack:=    -477                  

#--------------------------------------------------------------------------------------------------------------------
#                Timing Point                 Flags   Arc   Edge   Cell     Fanout Load Trans Delay Arrival Instance 
#                                                                                  (fF)  (ps)  (ps)   (ps)  Location 
#--------------------------------------------------------------------------------------------------------------------
  genblk2.multiplicador_register_b_reg[21]/CK -       -     R     (arrival)    333    -   100     0       0    (-,-) 
  genblk2.multiplicador_register_b_reg[21]/Q  -       CK->Q R     DFFRHQX4       6  3.2    45   319     319    (-,-) 
  g32251/Y                                    -       A->Y  F     CLKINVX4       6  1.5    25    38     358    (-,-) 
  g32250/Y                                    -       B->Y  R     NOR2X1         1  0.8    63    54     412    (-,-) 
  g31629/Y                                    -       B->Y  F     NOR2X2         2  1.2    43    54     466    (-,-) 
  g35374/Y                                    -       B->Y  F     CLKAND2X3      7  1.8    33    93     559    (-,-) 
  g35376/Y                                    -       B->Y  R     NAND2X1        1  0.8    35    39     598    (-,-) 
  g35375/Y                                    -       B->Y  F     NAND2X2        3  1.4    74    68     666    (-,-) 
  g33843/Y                                    -       B->Y  R     NAND2XL        1  0.8    53    72     738    (-,-) 
  g242/Y                                      -       B0->Y F     OAI21X2        2  1.0    79    88     827    (-,-) 
  g442/Y                                      -       A->Y  R     INVX2          2  0.8    27    53     880    (-,-) 
  g29225/Y                                    -       A->Y  F     INVX1          2  1.4    48    45     925    (-,-) 
  g33823/Y                                    -       B->Y  R     NOR2X2         1  0.8    47    54     979    (-,-) 
  g33821/Y                                    -       A1->Y F     OAI21X2        2  0.6    66    74    1053    (-,-) 
  g33820/Y                                    -       A->Y  R     INVX1          2  0.6    31    53    1106    (-,-) 
  g33819/Y                                    -       A->Y  F     MXI2X1         1  0.4    82    90    1196    (-,-) 
  g147/Y                                      -       B->Y  R     CLKXOR2X1      3  1.0    39   159    1356    (-,-) 
  g31153/Y                                    -       S0->Y R     MXI2X1         1  0.4    64    90    1446    (-,-) 
  g33955/Y                                    -       B->Y  F     CLKXOR2X1      4  1.0    43   170    1616    (-,-) 
  g33958/Y                                    -       A->Y  R     INVX1          1  0.4    23    37    1653    (-,-) 
  g33957/Y                                    -       A->Y  F     MXI2X1         2  0.7   100    95    1748    (-,-) 
  g29770/Y                                    -       B->Y  R     NOR2XL         2  1.0   108   120    1868    (-,-) 
  g31647/Y                                    -       A1->Y F     OAI21X2        1  0.7    71   108    1976    (-,-) 
  g33743/Y                                    -       A->Y  R     NAND2X2        3  1.0    35    57    2033    (-,-) 
  g31126/Y                                    -       A0->Y F     AOI21X1        1  0.4    72    88    2121    (-,-) 
  g160/Y                                      -       A->Y  R     NAND2X1        1  0.6    40    62    2184    (-,-) 
  g28594/Y                                    -       S0->Y R     MXI2X1         1  0.4    66    90    2274    (-,-) 
  genblk2.multiplicador_resultado_reg[31]/SI  <<<     -     R     SDFFRHQX1      1    -     -     0    2274    (-,-) 
#--------------------------------------------------------------------------------------------------------------------

