============================================================
  Generated by:           Genus(TM) Synthesis Solution 21.19-s055_1
  Generated on:           Jul 24 2026  08:04:18 pm
  Module:                 ex_stage
  Operating conditions:   PVT_0P9V_125C (balanced_tree)
  Wireload mode:          enclosed
  Area mode:              timing library
============================================================

Timing
--------

Clock Period 
-------------
clk   2000.0 


  Cost    Critical              Violating 
 Group   Path Slack     TNS       Paths   
------------------------------------------
clk          -477.1   -11140.5         54 
default    No paths        0.0            
------------------------------------------
Total                 -11140.5         54 

Instance Count
--------------
Leaf Instance Count             3740 
Physical Instance count            0 
Sequential Instance Count        335 
Combinational Instance Count    3405 
Hierarchical Instance Count        3 

Area
----
Cell Area                          8594.648
Physical Cell Area                 0.000
Total Cell Area (Cell+Physical)    8594.648
Net Area                           0.000
Total Area (Cell+Physical+Net)     8594.648

Max Fanout                         333 (clk_i)
Min Fanout                         0 (m_operation_id_i[1])
Average Fanout                     2.2
Terms to net ratio                 3.0549
Terms to instance ratio            3.4061
Runtime                            135.1247320000003 seconds
Elapsed Runtime                    137 seconds
Genus peak memory usage            1712.39 
Innovus peak memory usage          no_value 
Hostname                           xmen12
